wall1.png
wall1.png
wall1.png
wall1.png
wall1.png
wall1.png
wall1.png
wall1.png
wall1.png
wall1.png
wall1.png
wall1.png
wall1.png
wall1.png
wall1.png
wall1.png
wall1.png
wall1.png
wall1.png
wall1.png
wall1.png
wall1.png
wall1.png
wall1.png
wall1.png
wall1.png
wall1.png
wall1.png
wall1.png
wall1.png
wall1.png





wall2.png






















wall1.png
wall1.png





wall2.png






















wall1.png
wall1.png





wall2.png






















wall1.png
wall1.png





wall2.png






















wall1.png
wall1.png





wall2.png
wall2.png
wall2.png
wall2.png
wall2.png
wall2.png
wall2.png
wall2.png





wall2.png
wall2.png
wall2.png
wall2.png
wall2.png
wall2.png




wall1.png
wall1.png
wall2.png
wall2.png
wall2.png







wall3.png
wall3.png
wall3.png





wall2.png




wall2.png




wall1.png
wall1.png

heart.png
wall2.png







wall3.png
wall2.png
wall3.png





wall2.png









wall1.png
wall1.png


wall2.png





wall3.png
wall3.png
wall3.png
wall2.png
wall3.png





wall2.png









wall1.png
wall1.png


wall2.png





wall2.png
wall2.png
wall2.png
wall2.png
wall3.png





wall2.png









wall1.png
wall1.png


wall2.png





wall2.png
wall2.png
wall2.png
wall2.png
wall3.png





wall2.png




wall2.png




wall1.png
wall1.png


wall2.png





wall2.png
wall2.png
wall2.png
wall2.png
wall3.png





wall2.png




wall2.png




wall1.png
wall1.png


wall2.png


wall3.png


wall2.png
wall3.png
wall3.png
wall3.png
wall3.png
wall2.png
wall2.png


wall2.png
wall2.png




wall2.png




wall1.png
wall1.png


wall2.png


wall3.png


wall2.png
wall3.png








wall2.png




wall2.png
wall2.png
wall2.png
wall2.png
wall2.png
wall1.png
wall1.png


wall2.png


wall3.png


wall2.png
wall3.png








wall2.png









wall1.png
wall1.png


wall2.png


wall3.png


wall2.png
wall3.png








wall2.png









wall1.png
wall1.png


wall2.png


wall3.png


wall2.png
wall3.png



wz.png
wz.png


wall2.png
wall2.png
wall2.png








wall1.png
wall1.png


wall2.png


wall3.png


wall2.png
wall3.png



wz.png
wz.png


wall2.png
wall2.png
wall2.png








wall1.png
wall1.png


wall2.png


wall3.png


wall2.png
wall3.png







wall2.png
wall2.png
wall2.png








wall1.png
wall1.png


wall2.png


wall3.png


wall2.png
wall3.png







wall2.png
wall2.png
wall2.png








wall1.png
wall1.png


wall2.png


wall3.png


wall2.png
wall3.png
wall3.png
wall3.png
wall3.png
wall3.png
wall3.png
wall3.png
wall3.png
wall3.png
wall3.png
wall3.png
wall3.png
wall3.png
wall3.png
wall3.png




wall1.png
wall1.png


wall2.png


wall3.png






















wall1.png
wall1.png


wall2.png


wall3.png






















wall1.png
wall1.png


wall2.png


wall3.png






















wall1.png
wall1.png


wall2.png


wall3.png
wall3.png
wall3.png
wall3.png
wall3.png
wall3.png
wall3.png
wall3.png
wall3.png
wall3.png
wall3.png
wall3.png
wall3.png
wall3.png
wall3.png
wall3.png
wall3.png
wall3.png



wall3.png

wall1.png
wall1.png


wall2.png





wall3.png
wall3.png
wall3.png
wall3.png
wall3.png
wall3.png
wall3.png
wall3.png
wall3.png
wall3.png
wall3.png
wall3.png






wall3.png

wall1.png
wall1.png










wall3.png
wall3.png
wall3.png
wall3.png
wall3.png
wall3.png
wall3.png
wall3.png








wall3.png

wall1.png
wall1.png


























wall3.png

wall1.png
wall1.png


























wall3.png

wall1.png
wall1.png
wall1.png
wall1.png
wall1.png
wall1.png
wall1.png
wall1.png
wall1.png
wall1.png
wall1.png
wall1.png
wall1.png
wall1.png
wall1.png
wall1.png
wall1.png
wall1.png
wall1.png
wall1.png
wall1.png
wall1.png
wall1.png
wall1.png
wall1.png
wall1.png
wall1.png
wall1.png
wall1.png
wall1.png
wall1.png
1
1
1
1
1
1
1
1
1
1
1
1
1
1
1
1
1
1
1
1
1
1
1
1
1
1
1
1
1
1
1
0
0
0
0
0
1
0
0
0
0
0
0
0
0
0
0
0
0
0
0
0
0
0
0
0
0
0
0
1
1
0
0
0
0
0
1
0
0
0
0
0
0
0
0
0
0
0
0
0
0
0
0
0
0
0
0
0
0
1
1
0
0
0
0
0
1
0
0
0
0
0
0
0
0
0
0
0
0
0
0
0
0
0
0
0
0
0
0
1
1
0
0
0
0
0
1
0
0
0
0
0
0
0
0
0
0
0
0
0
0
0
0
0
0
0
0
0
0
1
1
0
0
0
0
0
1
1
1
1
1
1
1
1
0
0
0
0
0
1
1
1
1
1
1
0
0
0
0
1
1
1
1
1
0
0
0
0
0
0
0
1
1
1
0
0
0
0
0
1
0
0
0
0
1
0
0
0
0
1
1
0
9
1
0
0
0
0
0
0
0
1
1
1
0
0
0
0
0
1
0
0
0
0
0
0
0
0
0
1
1
0
0
1
0
0
0
0
0
1
1
1
1
1
0
0
0
0
0
1
0
0
0
0
0
0
0
0
0
1
1
0
0
1
0
0
0
0
0
1
1
1
1
1
0
0
0
0
0
1
0
0
0
0
0
0
0
0
0
1
1
0
0
1
0
0
0
0
0
1
1
1
1
1
0
0
0
0
0
1
0
0
0
0
1
0
0
0
0
1
1
0
0
1
0
0
0
0
0
1
1
1
1
1
0
0
0
0
0
1
0
0
0
0
1
0
0
0
0
1
1
0
0
1
0
0
1
0
0
1
1
1
1
1
1
1
0
0
1
1
0
0
0
0
1
0
0
0
0
1
1
0
0
1
0
0
1
0
0
1
1
0
0
0
0
0
0
0
0
1
0
0
0
0
1
1
1
1
1
1
1
0
0
1
0
0
1
0
0
1
1
0
0
0
0
0
0
0
0
1
0
0
0
0
0
0
0
0
0
1
1
0
0
1
0
0
1
0
0
1
1
0
0
0
0
0
0
0
0
1
0
0
0
0
0
0
0
0
0
1
1
0
0
1
0
0
1
0
0
1
1
0
0
0
2
2
0
0
1
1
1
0
0
0
0
0
0
0
0
1
1
0
0
1
0
0
1
0
0
1
1
0
0
0
3
2
0
0
1
1
1
0
0
0
0
0
0
0
0
1
1
0
0
1
0
0
1
0
0
1
1
0
0
0
0
0
0
0
1
1
1
0
0
0
0
0
0
0
0
1
1
0
0
1
0
0
1
0
0
1
1
0
0
0
0
0
0
0
1
1
1
0
0
0
0
0
0
0
0
1
1
0
0
1
0
0
1
0
0
1
1
1
1
1
1
1
1
1
1
1
1
1
1
1
1
0
0
0
0
1
1
0
0
1
0
0
1
0
0
0
0
0
0
0
0
0
0
0
0
0
0
0
0
0
0
0
0
0
0
1
1
0
0
1
0
0
1
0
0
0
0
0
0
0
0
0
0
0
0
0
0
0
0
0
0
0
0
0
0
1
1
0
0
1
0
0
1
0
0
0
0
0
0
0
0
0
0
0
0
0
0
0
0
0
0
0
0
0
0
1
1
0
0
1
0
0
1
1
1
1
1
1
1
1
1
1
1
1
1
1
1
1
1
1
0
0
0
1
0
1
1
0
0
1
0
0
0
0
0
1
1
1
1
1
1
1
1
1
1
1
1
0
0
0
0
0
0
1
0
1
1
0
0
0
0
0
0
0
0
0
0
1
1
1
1
1
1
1
1
0
0
0
0
0
0
0
0
1
0
1
1
0
0
0
0
0
0
0
0
0
0
0
0
0
0
0
0
0
0
0
0
0
0
0
0
0
0
1
0
1
1
0
0
0
0
0
0
0
0
0
0
0
0
0
0
0
0
0
0
0
0
0
0
0
0
0
0
1
0
1
1
1
1
1
1
1
1
1
1
1
1
1
1
1
1
1
1
1
1
1
1
1
1
1
1
1
1
1
1
1
