wall2.png
wall2.png
wall2.png
wall2.png
wall2.png
wall2.png
wall2.png
wall2.png
wall2.png
wall2.png
wall2.png
wall2.png
wall2.png
wall2.png
wall2.png
wall2.png
wall2.png
wall2.png
wall2.png
wall2.png
wall2.png
wall2.png
wall2.png
wall2.png
wall2.png
wall2.png
wall2.png
wall2.png
wall2.png
wall2.png
wall2.png




























wall2.png
wall2.png

























wz.png
wz.png

wall2.png
wall2.png

























wz.png
wz.png

wall2.png
wall2.png




























wall2.png
wall2.png




























wall2.png
wall2.png




























wall2.png
wall2.png




























wall2.png
wall2.png




























wall2.png
wall2.png




























wall2.png
wall2.png




























wall2.png
wall2.png




























wall2.png
wall2.png




























wall2.png
wall2.png




























wall2.png
wall2.png




























wall2.png
wall2.png




























wall2.png
wall2.png




























wall2.png
wall2.png




























wall2.png
wall2.png




























wall2.png
wall2.png




























wall2.png
wall2.png




























wall2.png
wall2.png




























wall2.png
wall2.png




























wall2.png
wall2.png













wall2.png
wall2.png
wall2.png












wall2.png
wall2.png













wall2.png
wall2.png
wall2.png












wall2.png
wall2.png













wall2.png
wall2.png
wall2.png












wall2.png
wall2.png













wall2.png
wall2.png
wall2.png












wall2.png
wall2.png













wall2.png
wall2.png
wall2.png










heart.png

wall2.png
wall2.png













wall2.png
wall2.png
wall2.png












wall2.png
wall2.png
wall2.png
wall2.png
wall2.png
wall2.png
wall2.png
wall2.png
wall2.png
wall2.png
wall2.png
wall2.png
wall2.png
wall2.png
wall2.png
wall2.png
wall2.png
wall2.png
wall2.png
wall2.png
wall2.png
wall2.png
wall2.png
wall2.png
wall2.png
wall2.png
wall2.png
wall2.png
wall2.png
wall2.png
wall2.png
1
1
1
1
1
1
1
1
1
1
1
1
1
1
1
1
1
1
1
1
1
1
1
1
1
1
1
1
1
1
1
0
0
0
0
0
0
0
0
0
0
0
0
0
0
0
0
0
0
0
0
0
0
0
0
0
0
0
0
1
1
0
0
0
0
0
0
0
0
0
0
0
0
0
0
0
0
0
0
0
0
0
0
0
0
0
2
2
0
1
1
0
0
0
0
0
0
0
0
0
0
0
0
0
0
0
0
0
0
0
0
0
0
0
0
0
2
2
0
1
1
0
0
0
0
0
0
0
0
0
0
0
0
0
0
0
0
0
0
0
0
0
0
0
0
0
0
0
0
1
1
0
0
0
0
0
0
0
0
0
0
0
0
0
0
0
0
0
0
0
0
0
0
0
0
0
0
0
0
1
1
0
0
0
0
0
0
0
0
0
0
0
0
0
0
0
0
0
0
0
0
0
0
0
0
0
0
0
0
1
1
0
0
0
0
0
0
0
0
0
0
0
0
0
0
0
0
0
0
0
0
0
0
0
0
0
0
0
0
1
1
0
0
0
0
0
0
0
0
0
0
0
0
0
0
0
0
0
0
0
0
0
0
0
0
0
0
0
0
1
1
0
0
0
0
0
0
0
0
0
0
0
0
0
0
0
0
0
0
0
0
0
0
0
0
0
0
0
0
1
1
0
0
0
0
0
0
0
0
0
0
0
0
0
0
0
0
0
0
0
0
0
0
0
0
0
0
0
0
1
1
0
0
0
0
0
0
0
0
0
0
0
0
0
0
0
0
0
0
0
0
0
0
0
0
0
0
0
0
1
1
0
0
0
0
0
0
0
0
0
0
0
0
0
0
0
0
0
0
0
0
0
0
0
0
0
0
0
0
1
1
0
0
0
0
0
0
0
0
0
0
0
0
0
0
0
0
0
0
0
0
0
0
0
0
0
0
0
0
1
1
0
0
0
0
0
0
0
0
0
0
0
0
0
0
0
0
0
0
0
0
0
0
0
0
0
0
0
0
1
1
0
0
0
0
0
0
0
0
0
0
0
0
0
0
0
0
0
0
0
0
0
0
0
0
0
0
0
0
1
1
0
0
0
0
0
0
0
0
0
0
0
0
0
0
0
0
0
0
0
0
0
0
0
0
0
0
0
0
1
1
0
0
0
0
0
0
0
0
0
0
0
0
0
0
0
0
0
0
0
0
0
0
0
0
0
0
0
0
1
1
0
0
0
0
0
0
0
0
0
0
0
0
0
0
0
0
0
0
0
0
0
0
0
0
0
0
0
0
1
1
0
0
0
0
0
0
0
0
0
0
0
0
0
0
0
0
0
0
0
0
0
0
0
0
0
0
0
0
1
1
0
0
0
0
0
0
0
0
0
0
0
0
0
0
0
0
0
0
0
0
0
0
0
0
0
0
0
0
1
1
0
0
0
0
0
0
0
0
0
0
0
0
0
0
0
0
0
0
0
0
0
0
0
0
0
0
0
0
1
1
0
0
0
0
0
0
0
0
0
0
0
0
0
0
0
0
0
0
0
0
0
0
0
0
0
0
0
0
1
1
0
0
0
0
0
0
0
0
0
0
0
0
0
1
1
1
0
0
0
0
0
0
0
0
0
0
0
0
1
1
0
0
0
0
0
0
0
0
0
0
0
0
0
1
1
1
0
0
0
0
0
0
0
0
0
0
0
0
1
1
0
0
0
0
0
0
0
0
0
0
0
0
0
1
1
1
0
0
0
0
0
0
0
0
0
0
0
0
1
1
0
0
0
0
0
0
0
0
0
0
0
0
0
1
1
1
0
0
0
0
0
0
0
0
0
0
0
0
1
1
0
0
0
0
0
0
0
0
0
0
0
0
0
1
1
1
0
0
0
0
0
0
0
0
0
0
9
0
1
1
0
0
0
0
0
0
0
0
0
0
0
0
0
1
1
1
0
0
0
0
0
0
0
0
0
0
0
0
1
1
1
1
1
1
1
1
1
1
1
1
1
1
1
1
1
1
1
1
1
1
1
1
1
1
1
1
1
1
1
